Copyright 1986-2022 Xilinx, Inc. All Rights Reserved.
------------------------------------------------------------------------------------------------------------------------------------------------------------------------------------------------------------
| Tool Version : Vivado v.2022.2 (win64) Build 3671981 Fri Oct 14 05:00:03 MDT 2022
| Date         : Sat Dec  7 12:00:27 2024
| Host         : DESKTOP-MOOI211 running 64-bit major release  (build 9200)
| Command      : report_timing_summary -max_paths 10 -report_unconstrained -file h_lcd_timing_summary_routed.rpt -pb h_lcd_timing_summary_routed.pb -rpx h_lcd_timing_summary_routed.rpx -warn_on_violation
| Design       : h_lcd
| Device       : 7z020-clg400
| Speed File   : -1  PRODUCTION 1.12 2019-11-22
------------------------------------------------------------------------------------------------------------------------------------------------------------------------------------------------------------

Timing Summary Report

------------------------------------------------------------------------------------------------
| Timer Settings
| --------------
------------------------------------------------------------------------------------------------

  Enable Multi Corner Analysis               :  Yes
  Enable Pessimism Removal                   :  Yes
  Pessimism Removal Resolution               :  Nearest Common Node
  Enable Input Delay Default Clock           :  No
  Enable Preset / Clear Arcs                 :  No
  Disable Flight Delays                      :  No
  Ignore I/O Paths                           :  No
  Timing Early Launch at Borrowing Latches   :  No
  Borrow Time for Max Delay Exceptions       :  Yes
  Merge Timing Exceptions                    :  Yes

  Corner  Analyze    Analyze    
  Name    Max Paths  Min Paths  
  ------  ---------  ---------  
  Slow    Yes        Yes        
  Fast    Yes        Yes        


------------------------------------------------------------------------------------------------
| Report Methodology
| ------------------
------------------------------------------------------------------------------------------------

Rule       Severity          Description                  Violations  
---------  ----------------  ---------------------------  ----------  
TIMING-17  Critical Warning  Non-clocked sequential cell  62          

Note: This report is based on the most recent report_methodology run and may not be up-to-date. Run report_methodology on the current design for the latest report.



check_timing report

Table of Contents
-----------------
1. checking no_clock (62)
2. checking constant_clock (0)
3. checking pulse_width_clock (0)
4. checking unconstrained_internal_endpoints (140)
5. checking no_input_delay (0)
6. checking no_output_delay (10)
7. checking multiple_clock (0)
8. checking generated_clocks (0)
9. checking loops (0)
10. checking partial_input_delay (0)
11. checking partial_output_delay (0)
12. checking latch_loops (0)

1. checking no_clock (62)
-------------------------
 There are 29 register/latch pins with no clock driven by root clock pin: clk_in (HIGH)

 There are 33 register/latch pins with no clock driven by root clock pin: clk_1ms/clk_di_reg/Q (HIGH)


2. checking constant_clock (0)
------------------------------
 There are 0 register/latch pins with constant_clock.


3. checking pulse_width_clock (0)
---------------------------------
 There are 0 register/latch pins which need pulse_width check


4. checking unconstrained_internal_endpoints (140)
--------------------------------------------------
 There are 140 pins that are not constrained for maximum delay. (HIGH)

 There are 0 pins that are not constrained for maximum delay due to constant clock.


5. checking no_input_delay (0)
------------------------------
 There are 0 input ports with no input delay specified.

 There are 0 input ports with no input delay but user has a false path constraint.


6. checking no_output_delay (10)
--------------------------------
 There are 10 ports with no output delay specified. (HIGH)

 There are 0 ports with no output delay but user has a false path constraint

 There are 0 ports with no output delay but with a timing clock defined on it or propagating through it


7. checking multiple_clock (0)
------------------------------
 There are 0 register/latch pins with multiple clocks.


8. checking generated_clocks (0)
--------------------------------
 There are 0 generated clocks that are not connected to a clock source.


9. checking loops (0)
---------------------
 There are 0 combinational loops in the design.


10. checking partial_input_delay (0)
------------------------------------
 There are 0 input ports with partial input delay specified.


11. checking partial_output_delay (0)
-------------------------------------
 There are 0 ports with partial output delay specified.


12. checking latch_loops (0)
----------------------------
 There are 0 combinational latch loops in the design through latch input



------------------------------------------------------------------------------------------------
| Design Timing Summary
| ---------------------
------------------------------------------------------------------------------------------------

    WNS(ns)      TNS(ns)  TNS Failing Endpoints  TNS Total Endpoints      WHS(ns)      THS(ns)  THS Failing Endpoints  THS Total Endpoints     WPWS(ns)     TPWS(ns)  TPWS Failing Endpoints  TPWS Total Endpoints  
    -------      -------  ---------------------  -------------------      -------      -------  ---------------------  -------------------     --------     --------  ----------------------  --------------------  
        inf        0.000                      0                  150          inf        0.000                      0                  150           NA           NA                      NA                    NA  


There are no user specified timing constraints.


------------------------------------------------------------------------------------------------
| Clock Summary
| -------------
------------------------------------------------------------------------------------------------


------------------------------------------------------------------------------------------------
| Intra Clock Table
| -----------------
------------------------------------------------------------------------------------------------

Clock             WNS(ns)      TNS(ns)  TNS Failing Endpoints  TNS Total Endpoints      WHS(ns)      THS(ns)  THS Failing Endpoints  THS Total Endpoints     WPWS(ns)     TPWS(ns)  TPWS Failing Endpoints  TPWS Total Endpoints  
-----             -------      -------  ---------------------  -------------------      -------      -------  ---------------------  -------------------     --------     --------  ----------------------  --------------------  


------------------------------------------------------------------------------------------------
| Inter Clock Table
| -----------------
------------------------------------------------------------------------------------------------

From Clock    To Clock          WNS(ns)      TNS(ns)  TNS Failing Endpoints  TNS Total Endpoints      WHS(ns)      THS(ns)  THS Failing Endpoints  THS Total Endpoints  
----------    --------          -------      -------  ---------------------  -------------------      -------      -------  ---------------------  -------------------  


------------------------------------------------------------------------------------------------
| Other Path Groups Table
| -----------------------
------------------------------------------------------------------------------------------------

Path Group    From Clock    To Clock          WNS(ns)      TNS(ns)  TNS Failing Endpoints  TNS Total Endpoints      WHS(ns)      THS(ns)  THS Failing Endpoints  THS Total Endpoints  
----------    ----------    --------          -------      -------  ---------------------  -------------------      -------      -------  ---------------------  -------------------  


------------------------------------------------------------------------------------------------
| User Ignored Path Table
| -----------------------
------------------------------------------------------------------------------------------------

Path Group    From Clock    To Clock    
----------    ----------    --------    


------------------------------------------------------------------------------------------------
| Unconstrained Path Table
| ------------------------
------------------------------------------------------------------------------------------------

Path Group    From Clock    To Clock    
----------    ----------    --------    
(none)                                    


------------------------------------------------------------------------------------------------
| Timing Details
| --------------
------------------------------------------------------------------------------------------------


--------------------------------------------------------------------------------------
Path Group:  (none)
From Clock:  
  To Clock:  

Max Delay           150 Endpoints
Min Delay           150 Endpoints
--------------------------------------------------------------------------------------


Max Delay Paths
--------------------------------------------------------------------------------------
Slack:                    inf
  Source:                 IC2/datar_reg[1]/C
                            (rising edge-triggered cell FDRE)
  Destination:            data[1]
                            (output port)
  Path Group:             (none)
  Path Type:              Max at Slow Process Corner
  Data Path Delay:        6.473ns  (logic 4.032ns (62.296%)  route 2.440ns (37.704%))
  Logic Levels:           2  (FDRE=1 OBUF=1)

    Location             Delay type                Incr(ns)  Path(ns)    Netlist Resource(s)
  -------------------------------------------------------------------    -------------------
    SLICE_X109Y82        FDRE                         0.000     0.000 r  IC2/datar_reg[1]/C
    SLICE_X109Y82        FDRE (Prop_fdre_C_Q)         0.459     0.459 r  IC2/datar_reg[1]/Q
                         net (fo=1, routed)           2.440     2.899    data_OBUF[1]
    Y19                  OBUF (Prop_obuf_I_O)         3.573     6.473 r  data_OBUF[1]_inst/O
                         net (fo=0)                   0.000     6.473    data[1]
    Y19                                                               r  data[1] (OUT)
  -------------------------------------------------------------------    -------------------

Slack:                    inf
  Source:                 IC2/datar_reg[0]/C
                            (rising edge-triggered cell FDRE)
  Destination:            data[0]
                            (output port)
  Path Group:             (none)
  Path Type:              Max at Slow Process Corner
  Data Path Delay:        6.399ns  (logic 4.103ns (64.132%)  route 2.295ns (35.868%))
  Logic Levels:           2  (FDRE=1 OBUF=1)

    Location             Delay type                Incr(ns)  Path(ns)    Netlist Resource(s)
  -------------------------------------------------------------------    -------------------
    SLICE_X112Y81        FDRE                         0.000     0.000 r  IC2/datar_reg[0]/C
    SLICE_X112Y81        FDRE (Prop_fdre_C_Q)         0.524     0.524 r  IC2/datar_reg[0]/Q
                         net (fo=1, routed)           2.295     2.819    data_OBUF[0]
    Y18                  OBUF (Prop_obuf_I_O)         3.579     6.399 r  data_OBUF[0]_inst/O
                         net (fo=0)                   0.000     6.399    data[0]
    Y18                                                               r  data[0] (OUT)
  -------------------------------------------------------------------    -------------------

Slack:                    inf
  Source:                 IC2/datar_reg[7]/C
                            (rising edge-triggered cell FDRE)
  Destination:            data[7]
                            (output port)
  Path Group:             (none)
  Path Type:              Max at Slow Process Corner
  Data Path Delay:        6.366ns  (logic 4.253ns (66.812%)  route 2.113ns (33.188%))
  Logic Levels:           2  (FDRE=1 OBUF=1)

    Location             Delay type                Incr(ns)  Path(ns)    Netlist Resource(s)
  -------------------------------------------------------------------    -------------------
    SLICE_X112Y83        FDRE                         0.000     0.000 r  IC2/datar_reg[7]/C
    SLICE_X112Y83        FDRE (Prop_fdre_C_Q)         0.484     0.484 r  IC2/datar_reg[7]/Q
                         net (fo=1, routed)           2.113     2.597    data_OBUF[7]
    T10                  OBUF (Prop_obuf_I_O)         3.769     6.366 r  data_OBUF[7]_inst/O
                         net (fo=0)                   0.000     6.366    data[7]
    T10                                                               r  data[7] (OUT)
  -------------------------------------------------------------------    -------------------

Slack:                    inf
  Source:                 IC2/datar_reg[6]/C
                            (rising edge-triggered cell FDRE)
  Destination:            data[6]
                            (output port)
  Path Group:             (none)
  Path Type:              Max at Slow Process Corner
  Data Path Delay:        6.235ns  (logic 4.129ns (66.218%)  route 2.106ns (33.782%))
  Logic Levels:           2  (FDRE=1 OBUF=1)

    Location             Delay type                Incr(ns)  Path(ns)    Netlist Resource(s)
  -------------------------------------------------------------------    -------------------
    SLICE_X112Y83        FDRE                         0.000     0.000 r  IC2/datar_reg[6]/C
    SLICE_X112Y83        FDRE (Prop_fdre_C_Q)         0.524     0.524 r  IC2/datar_reg[6]/Q
                         net (fo=1, routed)           2.106     2.630    data_OBUF[6]
    T11                  OBUF (Prop_obuf_I_O)         3.605     6.235 r  data_OBUF[6]_inst/O
                         net (fo=0)                   0.000     6.235    data[6]
    T11                                                               r  data[6] (OUT)
  -------------------------------------------------------------------    -------------------

Slack:                    inf
  Source:                 IC2/datar_reg[2]/C
                            (rising edge-triggered cell FDRE)
  Destination:            data[2]
                            (output port)
  Path Group:             (none)
  Path Type:              Max at Slow Process Corner
  Data Path Delay:        6.008ns  (logic 4.148ns (69.036%)  route 1.860ns (30.964%))
  Logic Levels:           2  (FDRE=1 OBUF=1)

    Location             Delay type                Incr(ns)  Path(ns)    Netlist Resource(s)
  -------------------------------------------------------------------    -------------------
    SLICE_X112Y82        FDRE                         0.000     0.000 r  IC2/datar_reg[2]/C
    SLICE_X112Y82        FDRE (Prop_fdre_C_Q)         0.524     0.524 r  IC2/datar_reg[2]/Q
                         net (fo=1, routed)           1.860     2.384    data_OBUF[2]
    Y16                  OBUF (Prop_obuf_I_O)         3.624     6.008 r  data_OBUF[2]_inst/O
                         net (fo=0)                   0.000     6.008    data[2]
    Y16                                                               r  data[2] (OUT)
  -------------------------------------------------------------------    -------------------

Slack:                    inf
  Source:                 IC2/datar_reg[4]/C
                            (rising edge-triggered cell FDRE)
  Destination:            data[4]
                            (output port)
  Path Group:             (none)
  Path Type:              Max at Slow Process Corner
  Data Path Delay:        5.921ns  (logic 4.114ns (69.476%)  route 1.807ns (30.524%))
  Logic Levels:           2  (FDRE=1 OBUF=1)

    Location             Delay type                Incr(ns)  Path(ns)    Netlist Resource(s)
  -------------------------------------------------------------------    -------------------
    SLICE_X113Y82        FDRE                         0.000     0.000 r  IC2/datar_reg[4]/C
    SLICE_X113Y82        FDRE (Prop_fdre_C_Q)         0.459     0.459 r  IC2/datar_reg[4]/Q
                         net (fo=1, routed)           1.807     2.266    data_OBUF[4]
    W14                  OBUF (Prop_obuf_I_O)         3.655     5.921 r  data_OBUF[4]_inst/O
                         net (fo=0)                   0.000     5.921    data[4]
    W14                                                               r  data[4] (OUT)
  -------------------------------------------------------------------    -------------------

Slack:                    inf
  Source:                 IC2/datar_reg[5]/C
                            (rising edge-triggered cell FDRE)
  Destination:            data[5]
                            (output port)
  Path Group:             (none)
  Path Type:              Max at Slow Process Corner
  Data Path Delay:        5.910ns  (logic 4.103ns (69.418%)  route 1.807ns (30.582%))
  Logic Levels:           2  (FDRE=1 OBUF=1)

    Location             Delay type                Incr(ns)  Path(ns)    Netlist Resource(s)
  -------------------------------------------------------------------    -------------------
    SLICE_X113Y81        FDRE                         0.000     0.000 r  IC2/datar_reg[5]/C
    SLICE_X113Y81        FDRE (Prop_fdre_C_Q)         0.459     0.459 r  IC2/datar_reg[5]/Q
                         net (fo=1, routed)           1.807     2.266    data_OBUF[5]
    Y14                  OBUF (Prop_obuf_I_O)         3.644     5.910 r  data_OBUF[5]_inst/O
                         net (fo=0)                   0.000     5.910    data[5]
    Y14                                                               r  data[5] (OUT)
  -------------------------------------------------------------------    -------------------

Slack:                    inf
  Source:                 IC2/er_reg/C
                            (rising edge-triggered cell FDRE)
  Destination:            e
                            (output port)
  Path Group:             (none)
  Path Type:              Max at Slow Process Corner
  Data Path Delay:        5.898ns  (logic 4.012ns (68.021%)  route 1.886ns (31.979%))
  Logic Levels:           2  (FDRE=1 OBUF=1)

    Location             Delay type                Incr(ns)  Path(ns)    Netlist Resource(s)
  -------------------------------------------------------------------    -------------------
    SLICE_X106Y82        FDRE                         0.000     0.000 r  IC2/er_reg/C
    SLICE_X106Y82        FDRE (Prop_fdre_C_Q)         0.459     0.459 r  IC2/er_reg/Q
                         net (fo=1, routed)           1.886     2.345    e_OBUF
    U18                  OBUF (Prop_obuf_I_O)         3.553     5.898 r  e_OBUF_inst/O
                         net (fo=0)                   0.000     5.898    e
    U18                                                               r  e (OUT)
  -------------------------------------------------------------------    -------------------

Slack:                    inf
  Source:                 IC2/datar_reg[3]/C
                            (rising edge-triggered cell FDRE)
  Destination:            data[3]
                            (output port)
  Path Group:             (none)
  Path Type:              Max at Slow Process Corner
  Data Path Delay:        5.858ns  (logic 4.146ns (70.765%)  route 1.713ns (29.235%))
  Logic Levels:           2  (FDRE=1 OBUF=1)

    Location             Delay type                Incr(ns)  Path(ns)    Netlist Resource(s)
  -------------------------------------------------------------------    -------------------
    SLICE_X112Y82        FDRE                         0.000     0.000 r  IC2/datar_reg[3]/C
    SLICE_X112Y82        FDRE (Prop_fdre_C_Q)         0.524     0.524 r  IC2/datar_reg[3]/Q
                         net (fo=1, routed)           1.713     2.237    data_OBUF[3]
    Y17                  OBUF (Prop_obuf_I_O)         3.622     5.858 r  data_OBUF[3]_inst/O
                         net (fo=0)                   0.000     5.858    data[3]
    Y17                                                               r  data[3] (OUT)
  -------------------------------------------------------------------    -------------------

Slack:                    inf
  Source:                 IC2/rsr_reg/C
                            (rising edge-triggered cell FDRE)
  Destination:            rs
                            (output port)
  Path Group:             (none)
  Path Type:              Max at Slow Process Corner
  Data Path Delay:        5.747ns  (logic 4.017ns (69.895%)  route 1.730ns (30.105%))
  Logic Levels:           2  (FDRE=1 OBUF=1)

    Location             Delay type                Incr(ns)  Path(ns)    Netlist Resource(s)
  -------------------------------------------------------------------    -------------------
    SLICE_X113Y81        FDRE                         0.000     0.000 r  IC2/rsr_reg/C
    SLICE_X113Y81        FDRE (Prop_fdre_C_Q)         0.459     0.459 r  IC2/rsr_reg/Q
                         net (fo=1, routed)           1.730     2.189    rs_OBUF
    U19                  OBUF (Prop_obuf_I_O)         3.558     5.747 r  rs_OBUF_inst/O
                         net (fo=0)                   0.000     5.747    rs
    U19                                                               r  rs (OUT)
  -------------------------------------------------------------------    -------------------





Min Delay Paths
--------------------------------------------------------------------------------------
Slack:                    inf
  Source:                 clk_1ms/counter_reg[12]/C
                            (rising edge-triggered cell FDRE)
  Destination:            clk_1ms/clk_di_reg/D
  Path Group:             (none)
  Path Type:              Min at Fast Process Corner
  Data Path Delay:        0.284ns  (logic 0.186ns (65.536%)  route 0.098ns (34.464%))
  Logic Levels:           2  (FDRE=1 LUT6=1)

    Location             Delay type                Incr(ns)  Path(ns)    Netlist Resource(s)
  -------------------------------------------------------------------    -------------------
    SLICE_X48Y46         FDRE                         0.000     0.000 r  clk_1ms/counter_reg[12]/C
    SLICE_X48Y46         FDRE (Prop_fdre_C_Q)         0.141     0.141 f  clk_1ms/counter_reg[12]/Q
                         net (fo=3, routed)           0.098     0.239    clk_1ms/counter_reg[12]
    SLICE_X49Y46         LUT6 (Prop_lut6_I1_O)        0.045     0.284 r  clk_1ms/clk_di_i_1/O
                         net (fo=1, routed)           0.000     0.284    clk_1ms/clk_di_i_1_n_0
    SLICE_X49Y46         FDRE                                         r  clk_1ms/clk_di_reg/D
  -------------------------------------------------------------------    -------------------

Slack:                    inf
  Source:                 IC2/FSM_sequential_state_reg[2]/C
                            (rising edge-triggered cell FDRE)
  Destination:            IC2/FSM_sequential_state_reg[2]/D
  Path Group:             (none)
  Path Type:              Min at Fast Process Corner
  Data Path Delay:        0.328ns  (logic 0.191ns (58.201%)  route 0.137ns (41.799%))
  Logic Levels:           2  (FDRE=1 LUT6=1)

    Location             Delay type                Incr(ns)  Path(ns)    Netlist Resource(s)
  -------------------------------------------------------------------    -------------------
    SLICE_X109Y81        FDRE                         0.000     0.000 r  IC2/FSM_sequential_state_reg[2]/C
    SLICE_X109Y81        FDRE (Prop_fdre_C_Q)         0.146     0.146 r  IC2/FSM_sequential_state_reg[2]/Q
                         net (fo=30, routed)          0.137     0.283    IC2/state__0[2]
    SLICE_X109Y81        LUT6 (Prop_lut6_I3_O)        0.045     0.328 r  IC2/FSM_sequential_state[2]_i_1/O
                         net (fo=1, routed)           0.000     0.328    IC2/FSM_sequential_state[2]_i_1_n_0
    SLICE_X109Y81        FDRE                                         r  IC2/FSM_sequential_state_reg[2]/D
  -------------------------------------------------------------------    -------------------

Slack:                    inf
  Source:                 IC2/slx_reg[6]/C
                            (rising edge-triggered cell FDRE)
  Destination:            IC2/datar_reg[3]/D
  Path Group:             (none)
  Path Type:              Min at Fast Process Corner
  Data Path Delay:        0.346ns  (logic 0.191ns (55.189%)  route 0.155ns (44.811%))
  Logic Levels:           2  (FDRE=1 LUT6=1)

    Location             Delay type                Incr(ns)  Path(ns)    Netlist Resource(s)
  -------------------------------------------------------------------    -------------------
    SLICE_X111Y82        FDRE                         0.000     0.000 r  IC2/slx_reg[6]/C
    SLICE_X111Y82        FDRE (Prop_fdre_C_Q)         0.146     0.146 f  IC2/slx_reg[6]/Q
                         net (fo=19, routed)          0.155     0.301    IC2/slx[6]
    SLICE_X112Y82        LUT6 (Prop_lut6_I1_O)        0.045     0.346 r  IC2/datar[3]_i_2/O
                         net (fo=1, routed)           0.000     0.346    IC2/datar[3]_i_2_n_0
    SLICE_X112Y82        FDRE                                         r  IC2/datar_reg[3]/D
  -------------------------------------------------------------------    -------------------

Slack:                    inf
  Source:                 IC2/ptr_reg[1]/C
                            (rising edge-triggered cell FDRE)
  Destination:            IC2/ptr_reg[2]/D
  Path Group:             (none)
  Path Type:              Min at Fast Process Corner
  Data Path Delay:        0.356ns  (logic 0.232ns (65.209%)  route 0.124ns (34.791%))
  Logic Levels:           2  (FDRE=1 LUT6=1)

    Location             Delay type                Incr(ns)  Path(ns)    Netlist Resource(s)
  -------------------------------------------------------------------    -------------------
    SLICE_X110Y83        FDRE                         0.000     0.000 r  IC2/ptr_reg[1]/C
    SLICE_X110Y83        FDRE (Prop_fdre_C_Q)         0.133     0.133 r  IC2/ptr_reg[1]/Q
                         net (fo=17, routed)          0.124     0.257    IC2/ptr_reg_n_0_[1]
    SLICE_X110Y83        LUT6 (Prop_lut6_I5_O)        0.099     0.356 r  IC2/ptr[2]_i_1/O
                         net (fo=1, routed)           0.000     0.356    IC2/ptr[2]_i_1_n_0
    SLICE_X110Y83        FDRE                                         r  IC2/ptr_reg[2]/D
  -------------------------------------------------------------------    -------------------

Slack:                    inf
  Source:                 IC2/ptr_reg[0]/C
                            (rising edge-triggered cell FDRE)
  Destination:            IC2/datar_reg[6]/D
  Path Group:             (none)
  Path Type:              Min at Fast Process Corner
  Data Path Delay:        0.373ns  (logic 0.191ns (51.138%)  route 0.182ns (48.862%))
  Logic Levels:           2  (FDRE=1 LUT6=1)

    Location             Delay type                Incr(ns)  Path(ns)    Netlist Resource(s)
  -------------------------------------------------------------------    -------------------
    SLICE_X110Y83        FDRE                         0.000     0.000 r  IC2/ptr_reg[0]/C
    SLICE_X110Y83        FDRE (Prop_fdre_C_Q)         0.146     0.146 f  IC2/ptr_reg[0]/Q
                         net (fo=18, routed)          0.182     0.328    IC2/ptr_reg_n_0_[0]
    SLICE_X112Y83        LUT6 (Prop_lut6_I5_O)        0.045     0.373 r  IC2/datar[6]_i_1/O
                         net (fo=1, routed)           0.000     0.373    IC2/datar[6]_i_1_n_0
    SLICE_X112Y83        FDRE                                         r  IC2/datar_reg[6]/D
  -------------------------------------------------------------------    -------------------

Slack:                    inf
  Source:                 IC2/slx_reg[12]/C
                            (rising edge-triggered cell FDRE)
  Destination:            IC2/slx_reg[12]/D
  Path Group:             (none)
  Path Type:              Min at Fast Process Corner
  Data Path Delay:        0.374ns  (logic 0.254ns (67.847%)  route 0.120ns (32.153%))
  Logic Levels:           2  (CARRY4=1 FDRE=1)

    Location             Delay type                Incr(ns)  Path(ns)    Netlist Resource(s)
  -------------------------------------------------------------------    -------------------
    SLICE_X111Y83        FDRE                         0.000     0.000 r  IC2/slx_reg[12]/C
    SLICE_X111Y83        FDRE (Prop_fdre_C_Q)         0.146     0.146 r  IC2/slx_reg[12]/Q
                         net (fo=4, routed)           0.120     0.266    IC2/slx[12]
    SLICE_X111Y83        CARRY4 (Prop_carry4_S[3]_O[3])
                                                      0.108     0.374 r  IC2/slx_reg[12]_i_1/O[3]
                         net (fo=1, routed)           0.000     0.374    IC2/data0[12]
    SLICE_X111Y83        FDRE                                         r  IC2/slx_reg[12]/D
  -------------------------------------------------------------------    -------------------

Slack:                    inf
  Source:                 IC2/slx_reg[9]/C
                            (rising edge-triggered cell FDRE)
  Destination:            IC2/slx_reg[9]/D
  Path Group:             (none)
  Path Type:              Min at Fast Process Corner
  Data Path Delay:        0.378ns  (logic 0.261ns (68.992%)  route 0.117ns (31.008%))
  Logic Levels:           2  (CARRY4=1 FDRE=1)

    Location             Delay type                Incr(ns)  Path(ns)    Netlist Resource(s)
  -------------------------------------------------------------------    -------------------
    SLICE_X111Y83        FDRE                         0.000     0.000 r  IC2/slx_reg[9]/C
    SLICE_X111Y83        FDRE (Prop_fdre_C_Q)         0.146     0.146 r  IC2/slx_reg[9]/Q
                         net (fo=4, routed)           0.117     0.263    IC2/slx[9]
    SLICE_X111Y83        CARRY4 (Prop_carry4_S[0]_O[0])
                                                      0.115     0.378 r  IC2/slx_reg[12]_i_1/O[0]
                         net (fo=1, routed)           0.000     0.378    IC2/data0[9]
    SLICE_X111Y83        FDRE                                         r  IC2/slx_reg[9]/D
  -------------------------------------------------------------------    -------------------

Slack:                    inf
  Source:                 IC2/slx_reg[15]/C
                            (rising edge-triggered cell FDRE)
  Destination:            IC2/slx_reg[15]/D
  Path Group:             (none)
  Path Type:              Min at Fast Process Corner
  Data Path Delay:        0.379ns  (logic 0.257ns (67.886%)  route 0.122ns (32.114%))
  Logic Levels:           2  (CARRY4=1 FDRE=1)

    Location             Delay type                Incr(ns)  Path(ns)    Netlist Resource(s)
  -------------------------------------------------------------------    -------------------
    SLICE_X111Y84        FDRE                         0.000     0.000 r  IC2/slx_reg[15]/C
    SLICE_X111Y84        FDRE (Prop_fdre_C_Q)         0.146     0.146 r  IC2/slx_reg[15]/Q
                         net (fo=7, routed)           0.122     0.268    IC2/slx[15]
    SLICE_X111Y84        CARRY4 (Prop_carry4_S[2]_O[2])
                                                      0.111     0.379 r  IC2/slx_reg[15]_i_3/O[2]
                         net (fo=1, routed)           0.000     0.379    IC2/data0[15]
    SLICE_X111Y84        FDRE                                         r  IC2/slx_reg[15]/D
  -------------------------------------------------------------------    -------------------

Slack:                    inf
  Source:                 clk_1ms/counter_reg[14]/C
                            (rising edge-triggered cell FDRE)
  Destination:            clk_1ms/counter_reg[14]/D
  Path Group:             (none)
  Path Type:              Min at Fast Process Corner
  Data Path Delay:        0.385ns  (logic 0.252ns (65.529%)  route 0.133ns (34.471%))
  Logic Levels:           2  (CARRY4=1 FDRE=1)

    Location             Delay type                Incr(ns)  Path(ns)    Netlist Resource(s)
  -------------------------------------------------------------------    -------------------
    SLICE_X48Y46         FDRE                         0.000     0.000 r  clk_1ms/counter_reg[14]/C
    SLICE_X48Y46         FDRE (Prop_fdre_C_Q)         0.141     0.141 r  clk_1ms/counter_reg[14]/Q
                         net (fo=2, routed)           0.133     0.274    clk_1ms/counter_reg[14]
    SLICE_X48Y46         CARRY4 (Prop_carry4_S[2]_O[2])
                                                      0.111     0.385 r  clk_1ms/counter_reg[12]_i_1/O[2]
                         net (fo=1, routed)           0.000     0.385    clk_1ms/counter_reg[12]_i_1_n_5
    SLICE_X48Y46         FDRE                                         r  clk_1ms/counter_reg[14]/D
  -------------------------------------------------------------------    -------------------

Slack:                    inf
  Source:                 clk_1ms/counter_reg[22]/C
                            (rising edge-triggered cell FDRE)
  Destination:            clk_1ms/counter_reg[22]/D
  Path Group:             (none)
  Path Type:              Min at Fast Process Corner
  Data Path Delay:        0.385ns  (logic 0.252ns (65.529%)  route 0.133ns (34.471%))
  Logic Levels:           2  (CARRY4=1 FDRE=1)

    Location             Delay type                Incr(ns)  Path(ns)    Netlist Resource(s)
  -------------------------------------------------------------------    -------------------
    SLICE_X48Y48         FDRE                         0.000     0.000 r  clk_1ms/counter_reg[22]/C
    SLICE_X48Y48         FDRE (Prop_fdre_C_Q)         0.141     0.141 r  clk_1ms/counter_reg[22]/Q
                         net (fo=2, routed)           0.133     0.274    clk_1ms/counter_reg[22]
    SLICE_X48Y48         CARRY4 (Prop_carry4_S[2]_O[2])
                                                      0.111     0.385 r  clk_1ms/counter_reg[20]_i_1/O[2]
                         net (fo=1, routed)           0.000     0.385    clk_1ms/counter_reg[20]_i_1_n_5
    SLICE_X48Y48         FDRE                                         r  clk_1ms/counter_reg[22]/D
  -------------------------------------------------------------------    -------------------





