Copyright 1986-2022 Xilinx, Inc. All Rights Reserved.
------------------------------------------------------------------------------------
| Tool Version : Vivado v.2022.2 (win64) Build 3671981 Fri Oct 14 05:00:03 MDT 2022
| Date         : Sat Dec  7 12:00:06 2024
| Host         : DESKTOP-MOOI211 running 64-bit major release  (build 9200)
| Command      : report_control_sets -verbose -file h_lcd_control_sets_placed.rpt
| Design       : h_lcd
| Device       : xc7z020
------------------------------------------------------------------------------------

Control Set Information

Table of Contents
-----------------
1. Summary
2. Histogram
3. Flip-Flop Distribution
4. Detailed Control Set Information

1. Summary
----------

+----------------------------------------------------------+-------+
|                          Status                          | Count |
+----------------------------------------------------------+-------+
| Total control sets                                       |     8 |
|    Minimum number of control sets                        |     8 |
|    Addition due to synthesis replication                 |     0 |
|    Addition due to physical synthesis replication        |     0 |
| Unused register locations in slices containing registers |    34 |
+----------------------------------------------------------+-------+
* Control sets can be merged at opt_design using control_set_merge or merge_equivalent_drivers
** Run report_qor_suggestions for automated merging and remapping suggestions


2. Histogram
------------

+--------------------+-------+
|       Fanout       | Count |
+--------------------+-------+
| Total control sets |     8 |
| >= 0 to < 4        |     3 |
| >= 4 to < 6        |     3 |
| >= 6 to < 8        |     0 |
| >= 8 to < 10       |     0 |
| >= 10 to < 12      |     0 |
| >= 12 to < 14      |     0 |
| >= 14 to < 16      |     0 |
| >= 16              |     2 |
+--------------------+-------+
* Control sets can be remapped at either synth_design or opt_design


3. Flip-Flop Distribution
-------------------------

+--------------+-----------------------+------------------------+-----------------+--------------+
| Clock Enable | Synchronous Set/Reset | Asynchronous Set/Reset | Total Registers | Total Slices |
+--------------+-----------------------+------------------------+-----------------+--------------+
| No           | No                    | No                     |               4 |            3 |
| No           | No                    | Yes                    |               0 |            0 |
| No           | Yes                   | No                     |              28 |            7 |
| Yes          | No                    | No                     |              10 |            6 |
| Yes          | No                    | Yes                    |               0 |            0 |
| Yes          | Yes                   | No                     |              20 |            7 |
+--------------+-----------------------+------------------------+-----------------+--------------+


4. Detailed Control Set Information
-----------------------------------

+-------------------+---------------+----------------------------+------------------+----------------+--------------+
|    Clock Signal   | Enable Signal |      Set/Reset Signal      | Slice Load Count | Bel Load Count | Bels / Slice |
+-------------------+---------------+----------------------------+------------------+----------------+--------------+
|  clk_in_IBUF_BUFG |               |                            |                1 |              1 |         1.00 |
| ~clk_BUFG         | IC2/er        |                            |                1 |              1 |         1.00 |
| ~clk_BUFG         |               |                            |                2 |              3 |         1.50 |
| ~clk_BUFG         | IC2/ptr       |                            |                2 |              4 |         2.00 |
| ~clk_BUFG         | IC2/rsr       | IC2/datar[3]_i_1_n_0       |                3 |              4 |         1.33 |
| ~clk_BUFG         | IC2/rsr       |                            |                3 |              5 |         1.67 |
| ~clk_BUFG         | IC2/slx__0    | IC2/slx[15]_i_1_n_0        |                4 |             16 |         4.00 |
|  clk_in_IBUF_BUFG |               | clk_1ms/counter[0]_i_1_n_0 |                7 |             28 |         4.00 |
+-------------------+---------------+----------------------------+------------------+----------------+--------------+


