
*** Running vivado
    with args -log h_lcd.vds -m64 -product Vivado -mode batch -messageDb vivado.pb -notrace -source h_lcd.tcl



****** Vivado v2022.2 (64-bit)
  **** SW Build 3671981 on Fri Oct 14 05:00:03 MDT 2022
  **** IP Build 3669848 on Fri Oct 14 08:30:02 MDT 2022
    ** Copyright 1986-2022 Xilinx, Inc. All Rights Reserved.

source h_lcd.tcl -notrace
Command: read_checkpoint -auto_incremental -incremental E:/Study/BTL/DO_AN_TKLL/h_lcd/h_lcd.srcs/utils_1/imports/synth_1/h_lcd.dcp
INFO: [Vivado 12-5825] Read reference checkpoint from E:/Study/BTL/DO_AN_TKLL/h_lcd/h_lcd.srcs/utils_1/imports/synth_1/h_lcd.dcp for incremental synthesis
INFO: [Vivado 12-7989] Please ensure there are no constraint changes
Command: synth_design -top h_lcd -part xc7z020clg400-1
Starting synth_design
Attempting to get a license for feature 'Synthesis' and/or device 'xc7z020'
INFO: [Common 17-349] Got license for feature 'Synthesis' and/or device 'xc7z020'
INFO: [Device 21-403] Loading part xc7z020clg400-1

*** Halting run - EA reset detected ***


*** Running vivado
    with args -log h_lcd.vds -m64 -product Vivado -mode batch -messageDb vivado.pb -notrace -source h_lcd.tcl



****** Vivado v2022.2 (64-bit)
  **** SW Build 3671981 on Fri Oct 14 05:00:03 MDT 2022
  **** IP Build 3669848 on Fri Oct 14 08:30:02 MDT 2022
    ** Copyright 1986-2022 Xilinx, Inc. All Rights Reserved.

source h_lcd.tcl -notrace
Command: read_checkpoint -auto_incremental -incremental E:/Study/BTL/DO_AN_TKLL/h_lcd/h_lcd.srcs/utils_1/imports/synth_1/h_lcd.dcp
INFO: [Vivado 12-5825] Read reference checkpoint from E:/Study/BTL/DO_AN_TKLL/h_lcd/h_lcd.srcs/utils_1/imports/synth_1/h_lcd.dcp for incremental synthesis
INFO: [Vivado 12-7989] Please ensure there are no constraint changes
Command: synth_design -top h_lcd -part xc7z020clg400-1
Starting synth_design
Attempting to get a license for feature 'Synthesis' and/or device 'xc7z020'
INFO: [Common 17-349] Got license for feature 'Synthesis' and/or device 'xc7z020'
INFO: [Device 21-403] Loading part xc7z020clg400-1
INFO: [Designutils 20-5440] No compile time benefit to using incremental synthesis; A full resynthesis will be run
INFO: [Designutils 20-4379] Flow is switching to default flow due to incremental criteria not met. If you would like to alter this behaviour and have the flow terminate instead, please set the following parameter config_implementation {autoIncr.Synth.RejectBehavior Terminate}
INFO: [Synth 8-7079] Multithreading enabled for synth_design using a maximum of 2 processes.
INFO: [Synth 8-7078] Launching helper process for spawning children vivado processes
INFO: [Synth 8-7075] Helper process launched with PID 14052
INFO: [Synth 8-11241] undeclared symbol 'REGCCE', assumed default net type 'wire' [C:/Xilinx/Vivado/2022.2/data/verilog/src/unimacro/BRAM_SINGLE_MACRO.v:2170]
---------------------------------------------------------------------------------
Starting RTL Elaboration : Time (s): cpu = 00:00:00 ; elapsed = 00:00:03 . Memory (MB): peak = 1218.816 ; gain = 408.660
---------------------------------------------------------------------------------
INFO: [Synth 8-6157] synthesizing module 'h_lcd' [E:/Study/BTL/DO_AN_TKLL/h_lcd/h_lcd.srcs/sources_1/new/h_lcd.v:23]
INFO: [Synth 8-6157] synthesizing module 'clk_divider' [E:/Study/BTL/DO_AN_TKLL/h_lcd/h_lcd.srcs/sources_1/imports/sources20241128/clk_1hz.v:1]
	Parameter DIV bound to: 28'b0000000000000000001111101000 
INFO: [Synth 8-6155] done synthesizing module 'clk_divider' (0#1) [E:/Study/BTL/DO_AN_TKLL/h_lcd/h_lcd.srcs/sources_1/imports/sources20241128/clk_1hz.v:1]
INFO: [Synth 8-6157] synthesizing module 'h_gandata' [E:/Study/BTL/DO_AN_TKLL/h_lcd/h_lcd.srcs/sources_1/new/h_gandata.v:23]
INFO: [Synth 8-6155] done synthesizing module 'h_gandata' (0#1) [E:/Study/BTL/DO_AN_TKLL/h_lcd/h_lcd.srcs/sources_1/new/h_gandata.v:23]
INFO: [Synth 8-6157] synthesizing module 'h_khoitao_ht' [E:/Study/BTL/DO_AN_TKLL/h_lcd/h_lcd.srcs/sources_1/new/h_khoitao_ht.v:23]
INFO: [Synth 8-155] case statement is not full and has no default [E:/Study/BTL/DO_AN_TKLL/h_lcd/h_lcd.srcs/sources_1/new/h_khoitao_ht.v:75]
INFO: [Synth 8-155] case statement is not full and has no default [E:/Study/BTL/DO_AN_TKLL/h_lcd/h_lcd.srcs/sources_1/new/h_khoitao_ht.v:71]
INFO: [Synth 8-6155] done synthesizing module 'h_khoitao_ht' (0#1) [E:/Study/BTL/DO_AN_TKLL/h_lcd/h_lcd.srcs/sources_1/new/h_khoitao_ht.v:23]
INFO: [Synth 8-6155] done synthesizing module 'h_lcd' (0#1) [E:/Study/BTL/DO_AN_TKLL/h_lcd/h_lcd.srcs/sources_1/new/h_lcd.v:23]
---------------------------------------------------------------------------------
Finished RTL Elaboration : Time (s): cpu = 00:00:01 ; elapsed = 00:00:05 . Memory (MB): peak = 1310.312 ; gain = 500.156
---------------------------------------------------------------------------------
---------------------------------------------------------------------------------
Start Handling Custom Attributes
---------------------------------------------------------------------------------
---------------------------------------------------------------------------------
Finished Handling Custom Attributes : Time (s): cpu = 00:00:01 ; elapsed = 00:00:05 . Memory (MB): peak = 1310.312 ; gain = 500.156
---------------------------------------------------------------------------------
---------------------------------------------------------------------------------
Finished RTL Optimization Phase 1 : Time (s): cpu = 00:00:01 ; elapsed = 00:00:05 . Memory (MB): peak = 1310.312 ; gain = 500.156
---------------------------------------------------------------------------------
Netlist sorting complete. Time (s): cpu = 00:00:00 ; elapsed = 00:00:00.006 . Memory (MB): peak = 1310.312 ; gain = 0.000
INFO: [Project 1-570] Preparing netlist for logic optimization

Processing XDC Constraints
Initializing timing engine
Parsing XDC File [E:/Study/BTL/DO_AN_TKLL/h_lcd/h_lcd.srcs/constrs_1/imports/Downloads/Arty-Z7-20-Extension-board-Master.xdc]
Finished Parsing XDC File [E:/Study/BTL/DO_AN_TKLL/h_lcd/h_lcd.srcs/constrs_1/imports/Downloads/Arty-Z7-20-Extension-board-Master.xdc]
INFO: [Project 1-236] Implementation specific constraints were found while reading constraint file [E:/Study/BTL/DO_AN_TKLL/h_lcd/h_lcd.srcs/constrs_1/imports/Downloads/Arty-Z7-20-Extension-board-Master.xdc]. These constraints will be ignored for synthesis but will be used in implementation. Impacted constraints are listed in the file [.Xil/h_lcd_propImpl.xdc].
Resolution: To avoid this warning, move constraints listed in [.Xil/h_lcd_propImpl.xdc] to another XDC file and exclude this new file from synthesis with the used_in_synthesis property (File Properties dialog in GUI) and re-run elaboration/synthesis.
Completed Processing XDC Constraints

Netlist sorting complete. Time (s): cpu = 00:00:00 ; elapsed = 00:00:00 . Memory (MB): peak = 1392.707 ; gain = 0.000
INFO: [Project 1-111] Unisim Transformation Summary:
No Unisim elements were transformed.

Constraint Validation Runtime : Time (s): cpu = 00:00:00 ; elapsed = 00:00:00.002 . Memory (MB): peak = 1392.707 ; gain = 0.000
INFO: [Designutils 20-5440] No compile time benefit to using incremental synthesis; A full resynthesis will be run
INFO: [Designutils 20-4379] Flow is switching to default flow due to incremental criteria not met. If you would like to alter this behaviour and have the flow terminate instead, please set the following parameter config_implementation {autoIncr.Synth.RejectBehavior Terminate}
INFO: [Synth 8-11241] undeclared symbol 'REGCCE', assumed default net type 'wire' [C:/Xilinx/Vivado/2022.2/data/verilog/src/unimacro/BRAM_SINGLE_MACRO.v:2170]
---------------------------------------------------------------------------------
Finished Constraint Validation : Time (s): cpu = 00:00:02 ; elapsed = 00:00:10 . Memory (MB): peak = 1392.707 ; gain = 582.551
---------------------------------------------------------------------------------
---------------------------------------------------------------------------------
Start Loading Part and Timing Information
---------------------------------------------------------------------------------
Loading part: xc7z020clg400-1
---------------------------------------------------------------------------------
Finished Loading Part and Timing Information : Time (s): cpu = 00:00:02 ; elapsed = 00:00:10 . Memory (MB): peak = 1392.707 ; gain = 582.551
---------------------------------------------------------------------------------
---------------------------------------------------------------------------------
Start Applying 'set_property' XDC Constraints
---------------------------------------------------------------------------------
---------------------------------------------------------------------------------
Finished applying 'set_property' XDC Constraints : Time (s): cpu = 00:00:02 ; elapsed = 00:00:10 . Memory (MB): peak = 1392.707 ; gain = 582.551
---------------------------------------------------------------------------------
INFO: [Synth 8-802] inferred FSM for state register 'state_reg' in module 'h_khoitao_ht'
---------------------------------------------------------------------------------------------------
                   State |                     New Encoding |                Previous Encoding 
---------------------------------------------------------------------------------------------------
                LCD_INIT |                              000 |                             0000
             LCD_ADDR_L0 |                              001 |                             0001
             LCD_DATA_L0 |                              010 |                             0010
             LCD_ADDR_L1 |                              011 |                             0011
             LCD_DATA_L1 |                              100 |                             0100
                LCD_IDLE |                              101 |                             1001
---------------------------------------------------------------------------------------------------
INFO: [Synth 8-3354] encoded FSM with state register 'state_reg' using encoding 'sequential' in module 'h_khoitao_ht'
---------------------------------------------------------------------------------
Finished RTL Optimization Phase 2 : Time (s): cpu = 00:00:02 ; elapsed = 00:00:10 . Memory (MB): peak = 1392.707 ; gain = 582.551
---------------------------------------------------------------------------------
---------------------------------------------------------------------------------
Start RTL Component Statistics 
---------------------------------------------------------------------------------
Detailed RTL Component Info : 
+---Adders : 
	   2 Input   16 Bit       Adders := 1     
	   2 Input    4 Bit       Adders := 1     
+---Registers : 
	                8 Bit    Registers := 1     
	                4 Bit    Registers := 1     
	                1 Bit    Registers := 3     
+---Muxes : 
	  20 Input   16 Bit        Muxes := 1     
	   2 Input   16 Bit        Muxes := 3     
	   4 Input   16 Bit        Muxes := 1     
	   6 Input   16 Bit        Muxes := 1     
	  20 Input    8 Bit        Muxes := 1     
	   6 Input    8 Bit        Muxes := 1     
	   6 Input    4 Bit        Muxes := 1     
	   6 Input    3 Bit        Muxes := 1     
	   2 Input    1 Bit        Muxes := 11    
	   4 Input    1 Bit        Muxes := 3     
	  20 Input    1 Bit        Muxes := 4     
	   6 Input    1 Bit        Muxes := 8     
---------------------------------------------------------------------------------
Finished RTL Component Statistics 
---------------------------------------------------------------------------------
---------------------------------------------------------------------------------
Start Part Resource Summary
---------------------------------------------------------------------------------
Part Resources:
DSPs: 220 (col length:60)
BRAMs: 280 (col length: RAMB18 60 RAMB36 30)
---------------------------------------------------------------------------------
Finished Part Resource Summary
---------------------------------------------------------------------------------
---------------------------------------------------------------------------------
Start Cross Boundary and Area Optimization
---------------------------------------------------------------------------------
WARNING: [Synth 8-7080] Parallel synthesis criteria is not met
---------------------------------------------------------------------------------
Finished Cross Boundary and Area Optimization : Time (s): cpu = 00:00:03 ; elapsed = 00:00:12 . Memory (MB): peak = 1392.707 ; gain = 582.551
---------------------------------------------------------------------------------
---------------------------------------------------------------------------------
Start Applying XDC Timing Constraints
---------------------------------------------------------------------------------
---------------------------------------------------------------------------------
Finished Applying XDC Timing Constraints : Time (s): cpu = 00:00:04 ; elapsed = 00:00:16 . Memory (MB): peak = 1392.707 ; gain = 582.551
---------------------------------------------------------------------------------
---------------------------------------------------------------------------------
Start Timing Optimization
---------------------------------------------------------------------------------
---------------------------------------------------------------------------------
Finished Timing Optimization : Time (s): cpu = 00:00:04 ; elapsed = 00:00:16 . Memory (MB): peak = 1392.707 ; gain = 582.551
---------------------------------------------------------------------------------
---------------------------------------------------------------------------------
Start Technology Mapping
---------------------------------------------------------------------------------
---------------------------------------------------------------------------------
Finished Technology Mapping : Time (s): cpu = 00:00:04 ; elapsed = 00:00:16 . Memory (MB): peak = 1392.707 ; gain = 582.551
---------------------------------------------------------------------------------
---------------------------------------------------------------------------------
Start IO Insertion
---------------------------------------------------------------------------------
---------------------------------------------------------------------------------
Start Flattening Before IO Insertion
---------------------------------------------------------------------------------
---------------------------------------------------------------------------------
Finished Flattening Before IO Insertion
---------------------------------------------------------------------------------
---------------------------------------------------------------------------------
Start Final Netlist Cleanup
---------------------------------------------------------------------------------
---------------------------------------------------------------------------------
Finished Final Netlist Cleanup
---------------------------------------------------------------------------------
---------------------------------------------------------------------------------
Finished IO Insertion : Time (s): cpu = 00:00:05 ; elapsed = 00:00:19 . Memory (MB): peak = 1392.707 ; gain = 582.551
---------------------------------------------------------------------------------
---------------------------------------------------------------------------------
Start Renaming Generated Instances
---------------------------------------------------------------------------------
---------------------------------------------------------------------------------
Finished Renaming Generated Instances : Time (s): cpu = 00:00:05 ; elapsed = 00:00:19 . Memory (MB): peak = 1392.707 ; gain = 582.551
---------------------------------------------------------------------------------
---------------------------------------------------------------------------------
Start Rebuilding User Hierarchy
---------------------------------------------------------------------------------
---------------------------------------------------------------------------------
Finished Rebuilding User Hierarchy : Time (s): cpu = 00:00:05 ; elapsed = 00:00:19 . Memory (MB): peak = 1392.707 ; gain = 582.551
---------------------------------------------------------------------------------
---------------------------------------------------------------------------------
Start Renaming Generated Ports
---------------------------------------------------------------------------------
---------------------------------------------------------------------------------
Finished Renaming Generated Ports : Time (s): cpu = 00:00:05 ; elapsed = 00:00:19 . Memory (MB): peak = 1392.707 ; gain = 582.551
---------------------------------------------------------------------------------
---------------------------------------------------------------------------------
Start Handling Custom Attributes
---------------------------------------------------------------------------------
---------------------------------------------------------------------------------
Finished Handling Custom Attributes : Time (s): cpu = 00:00:05 ; elapsed = 00:00:19 . Memory (MB): peak = 1392.707 ; gain = 582.551
---------------------------------------------------------------------------------
---------------------------------------------------------------------------------
Start Renaming Generated Nets
---------------------------------------------------------------------------------
---------------------------------------------------------------------------------
Finished Renaming Generated Nets : Time (s): cpu = 00:00:05 ; elapsed = 00:00:19 . Memory (MB): peak = 1392.707 ; gain = 582.551
---------------------------------------------------------------------------------
---------------------------------------------------------------------------------
Start Writing Synthesis Report
---------------------------------------------------------------------------------

Report BlackBoxes: 
+-+--------------+----------+
| |BlackBox name |Instances |
+-+--------------+----------+
+-+--------------+----------+

Report Cell Usage: 
+------+-------+------+
|      |Cell   |Count |
+------+-------+------+
|1     |BUFG   |     2|
|2     |CARRY4 |    11|
|3     |LUT1   |     2|
|4     |LUT2   |    12|
|5     |LUT3   |    12|
|6     |LUT4   |    12|
|7     |LUT5   |    12|
|8     |LUT6   |    49|
|9     |FDRE   |    62|
|10    |IBUF   |     1|
|11    |OBUF   |    10|
+------+-------+------+
---------------------------------------------------------------------------------
Finished Writing Synthesis Report : Time (s): cpu = 00:00:05 ; elapsed = 00:00:19 . Memory (MB): peak = 1392.707 ; gain = 582.551
---------------------------------------------------------------------------------
Synthesis finished with 0 errors, 0 critical warnings and 1 warnings.
Synthesis Optimization Runtime : Time (s): cpu = 00:00:04 ; elapsed = 00:00:18 . Memory (MB): peak = 1392.707 ; gain = 500.156
Synthesis Optimization Complete : Time (s): cpu = 00:00:05 ; elapsed = 00:00:19 . Memory (MB): peak = 1392.707 ; gain = 582.551
INFO: [Project 1-571] Translating synthesized netlist
Netlist sorting complete. Time (s): cpu = 00:00:00 ; elapsed = 00:00:00.001 . Memory (MB): peak = 1392.707 ; gain = 0.000
INFO: [Netlist 29-17] Analyzing 11 Unisim elements for replacement
INFO: [Netlist 29-28] Unisim Transformation completed in 0 CPU seconds
INFO: [Project 1-570] Preparing netlist for logic optimization
INFO: [Opt 31-138] Pushed 0 inverter(s) to 0 load pin(s).
Netlist sorting complete. Time (s): cpu = 00:00:00 ; elapsed = 00:00:00 . Memory (MB): peak = 1392.707 ; gain = 0.000
INFO: [Project 1-111] Unisim Transformation Summary:
No Unisim elements were transformed.

Synth Design complete, checksum: b1f79c54
INFO: [Common 17-83] Releasing license: Synthesis
35 Infos, 1 Warnings, 0 Critical Warnings and 0 Errors encountered.
synth_design completed successfully
synth_design: Time (s): cpu = 00:00:06 ; elapsed = 00:00:23 . Memory (MB): peak = 1392.707 ; gain = 989.391
INFO: [Common 17-1381] The checkpoint 'E:/Study/BTL/DO_AN_TKLL/h_lcd/h_lcd.runs/synth_1/h_lcd.dcp' has been generated.
INFO: [runtcl-4] Executing : report_utilization -file h_lcd_utilization_synth.rpt -pb h_lcd_utilization_synth.pb
INFO: [Common 17-206] Exiting Vivado at Sat Dec  7 11:59:32 2024...
